// Vitest Snapshot v1, https://vitest.dev/guide/snapshot.html

exports[`getTokenDecimals integration > fetches decimals for JLU token on Solana 1`] = `
{
  "decimals": 9,
  "origin_decimals": 18,
}
`;

exports[`getTokenDecimals integration > handles invalid token addresses 1`] = `[Error: Exceeded 2 providers to execute request]`;
